[www.leqom.com/index.html]
[backblue.gif]
[fade.gif]
[index.html]
[cdn.jsdelivr.net/npm/slick-carousel@1.8.1/slick/slick.css]
[www.leqom.com/view/member/login.html]
[www.leqom.com/view/category/product.html]
[www.leqom.com/view/page/story.html]
[www.leqom.com/view/page/diosgenin.html]
[www.leqom.com/view/page/voice.html]
[www.leqom.com/view/page/shoplist.html]
[www.leqom.com/view/guide.html]
[www.leqom.com/view/company.html]
[www.leqom.com/view/contract.html]
[www.leqom.com/view/policy.html]
[www.leqom.com/view/cart.html]
[gigaplus.makeshop.jp/otv8kaihatsu/assets/img/top/fv_img.png]
[gigaplus.makeshop.jp/otv8kaihatsu/assets/img/top/intro_bg_pc.jpg]
[gigaplus.makeshop.jp/otv8kaihatsu/assets/img/top/live_supplely_bg_pc.jpg]
[gigaplus.makeshop.jp/otv8kaihatsu/assets/img/top/thought_bg.jpg]
[gigaplus.makeshop.jp/otv8kaihatsu/assets/img/top/committed_bg.jpg]
[gigaplus.makeshop.jp/otv8kaihatsu/assets/img/top/supporter_bg.jpg]
[gigaplus.makeshop.jp/otv8kaihatsu/assets/img/top/shoplist_bg.jpg]
[gigaplus.makeshop.jp/otv8kaihatsu/assets/img/top/our_products_img.jpg]
[www.leqom.com/view/item/000000000002.html]
[gigaplus.makeshop.jp/otv8kaihatsu/assets/img/top/bench_press_img_pc.jpg]
[www.leqom.com/view/news/list.html]
[www.leqom.com/view/news/20250708133839.html]
[www.leqom.com/view/news/20250611162942.html]
[www.leqom.com/view/news/20250425195147.html]
[www.leqom.com/view/item/000000000004.html]
[www.leqom.com/view/item/000000000003.html]
[ajax.googleapis.com/ajax/libs/jquery/3.3.1/jquery.min.js]
[www.leqom.com/view/asset/user-2-1-2-17147cb36cadc44282c561c92b0dc985.js]
[www.leqom.com/js/jquery/3.7.1/jquery.min.js]
[www.leqom.com/js/jqueryplugin/remodal/1.1.1/remodal.min.js]
[www.leqom.com/view/asset/system-2-1-2-454bfb860a4a3ab02cde31b94c852d6e.js]
[www.leqom.com/index.html]
[cdn.jsdelivr.net/npm/slick-carousel@1.8.1/slick/slick.css]
[static-fe.payments-amazon.com/checkout.js]
[gigaplus.makeshop.jp/otv8kaihatsu/assets/img/top/fv_bg_pc.jpg]
[gigaplus.makeshop.jp/otv8kaihatsu/assets/img/top/fv_bg_sp.jpg]
[www.leqom.com/view/asset/user-2-1-2-30c44d0829cdb296ff1dd3a8e7223742.css]
[www.leqom.com/js/jqueryplugin/remodal/1.1.1/remodal.css]
[www.leqom.com/js/jqueryplugin/remodal/1.1.1/remodal-default-theme.css]
[www.leqom.com/view/asset/system-2-1-2-78e567dc05121ea6e0c5107158f4037f.css]
[www.leqom.com/view/member/login.html]
[www.leqom.com/view/item/00000000000295a8.html]
[makeshop-multi-images.akamaized.net/otv8kaihatsu/itemimages/000000000002_bh1Uj4F.jpg]
[www.leqom.com/view/item/00000000000495a8.html]
[makeshop-multi-images.akamaized.net/otv8kaihatsu/itemimages/000000000004_5mKU3wu.jpg]
[www.leqom.com/view/asset/user-2-1-4-3acbdfb4af9d139f706a87f8ba322558.js]
[www.leqom.com/view/asset/system-2-1-4-454bfb860a4a3ab02cde31b94c852d6e.js]
[www.leqom.com/view/category/product.html]
[gigaplus.makeshop.jp/otv8kaihatsu/assets/img/story/story_bg_pc_01.jpg]
[gigaplus.makeshop.jp/otv8kaihatsu/assets/img/story/story_bg_pc_02.jpg]
[gigaplus.makeshop.jp/otv8kaihatsu/assets/img/story/physicaltask_img_02.png]
[gigaplus.makeshop.jp/otv8kaihatsu/assets/img/story/physicaltask_img_01.png]
[gigaplus.makeshop.jp/otv8kaihatsu/assets/img/story/physicaltask_img_04.png]
[gigaplus.makeshop.jp/otv8kaihatsu/assets/img/story/physicaltask_img_05.png]
[gigaplus.makeshop.jp/otv8kaihatsu/assets/img/story/physicaltask_img_feature_01.png]
[gigaplus.makeshop.jp/otv8kaihatsu/assets/img/story/physicaltask_img_feature_02.png]
[gigaplus.makeshop.jp/otv8kaihatsu/assets/img/story/physicaltask_img_feature_03.png]
[gigaplus.makeshop.jp/otv8kaihatsu/assets/img/story/physicaltask_img_06.png]
[gigaplus.makeshop.jp/otv8kaihatsu/assets/img/top/intro_bg_sp.jpg]
[gigaplus.makeshop.jp/otv8kaihatsu/assets/img/story/story_img_01.jpg]
[gigaplus.makeshop.jp/otv8kaihatsu/assets/img/story/story_img_02.jpg]
[gigaplus.makeshop.jp/otv8kaihatsu/assets/img/story/story_img_03.jpg]
[gigaplus.makeshop.jp/otv8kaihatsu/assets/img/story/story_img_iemitsu.jpg]
[gigaplus.makeshop.jp/otv8kaihatsu/assets/img/story/story_img_07.png]
[gigaplus.makeshop.jp/otv8kaihatsu/assets/img/story/story_img_05.jpg]
[gigaplus.makeshop.jp/otv8kaihatsu/assets/img/story/story_img_06.jpg]
[gigaplus.makeshop.jp/otv8kaihatsu/assets/img/voice/voice_img_kosaka.jpg]
[gigaplus.makeshop.jp/otv8kaihatsu/assets/img/voice/voice_img_hirata.jpg]
[www.leqom.com/view/asset/user-2-1-17-476d9cb1981c664a8e787bd2a6766d2a.js]
[www.leqom.com/view/asset/system-2-1-17-454bfb860a4a3ab02cde31b94c852d6e.js]
[www.leqom.com/view/page/story.html]
[gigaplus.makeshop.jp/otv8kaihatsu/assets/img/diosgenin/diosgenin_bg_pc_01.jpg]
[gigaplus.makeshop.jp/otv8kaihatsu/assets/img/diosgenin/diosgenin_img_01.jpg]
[gigaplus.makeshop.jp/otv8kaihatsu/assets/img/diosgenin/diosgenin_img_02.jpg]
[gigaplus.makeshop.jp/otv8kaihatsu/assets/img/diosgenin/diosgenin_img_03.png]
[gigaplus.makeshop.jp/otv8kaihatsu/assets/img/diosgenin/diosgenin_img_04.png]
[gigaplus.makeshop.jp/otv8kaihatsu/assets/img/diosgenin/diosgenin_img_05.png]
[gigaplus.makeshop.jp/otv8kaihatsu/assets/img/diosgenin/diosgenin_img_06.jpg]
[gigaplus.makeshop.jp/otv8kaihatsu/assets/img/diosgenin/diosgenin_img_07.jpg]
[gigaplus.makeshop.jp/otv8kaihatsu/assets/img/diosgenin/diosgenin_img_08.jpg]
[gigaplus.makeshop.jp/otv8kaihatsu/assets/img/diosgenin/diosgenin_img_09.jpg]
[gigaplus.makeshop.jp/otv8kaihatsu/assets/img/diosgenin/diosgenin_img_10.jpg]
[gigaplus.makeshop.jp/otv8kaihatsu/assets/img/diosgenin/diosgenin_img_11.jpg]
[www.leqom.com/view/page/diosgenin.html]
[gigaplus.makeshop.jp/otv8kaihatsu/assets/img/diosgenin/diosgenin_bg_pc_02.jpg]
[gigaplus.makeshop.jp/otv8kaihatsu/assets/img/voice/voice_img_akiba.jpg]
[gigaplus.makeshop.jp/otv8kaihatsu/assets/img/voice/voice_img_ganaha.jpg]
[gigaplus.makeshop.jp/otv8kaihatsu/assets/img/voice/voice_img_hashikawa.jpg]
[gigaplus.makeshop.jp/otv8kaihatsu/assets/img/voice/voice_img_yano.jpg]
[gigaplus.makeshop.jp/otv8kaihatsu/assets/img/voice/voice_img_sakiyama.jpg]
[gigaplus.makeshop.jp/otv8kaihatsu/assets/img/voice/voice_img_inoue.jpg]
[gigaplus.makeshop.jp/otv8kaihatsu/assets/img/voice/Georgeさん1108修正.png]
[gigaplus.makeshop.jp/otv8kaihatsu/assets/img/voice/岡部さん1108修正.jpg]
[gigaplus.makeshop.jp/otv8kaihatsu/assets/img/voice/小森さん1212修正.jpg]
[gigaplus.makeshop.jp/otv8kaihatsu/assets/img/voice/桜井さん1108修正.png]
[gigaplus.makeshop.jp/otv8kaihatsu/assets/img/voice/譜久里さん1108修正.png]
[gigaplus.makeshop.jp/otv8kaihatsu/assets/img/voice/喜瀬さん1108修正.png]
[gigaplus.makeshop.jp/otv8kaihatsu/assets/img/voice/千葉さん1108修正.png]
[gigaplus.makeshop.jp/otv8kaihatsu/assets/img/voice/徳元選手1108-1.jpg]
[www.leqom.com/view/page/voice.html]
[www.leqom.com/view/page/shoplist.html]
[use.fontawesome.com/releases/v5.11.0/css/all.css]
[www.leqom.com/view/asset/user-2-1-11-e795f1885cc59fcd44df53e3fbc56f03.js]
[www.leqom.com/view/asset/system-2-1-11-454bfb860a4a3ab02cde31b94c852d6e.js]
[www.leqom.com/view/guide.html]
[www.leqom.com/view/asset/user-2-1-12-ec7f7800deba021457579111b973d5f6.js]
[www.leqom.com/view/asset/system-2-1-12-454bfb860a4a3ab02cde31b94c852d6e.js]
[www.leqom.com/view/company.html]
[www.leqom.com/view/asset/user-2-1-13-650b7b8d4c1eb13f8138e612bc37c4cb.js]
[www.leqom.com/view/asset/system-2-1-13-454bfb860a4a3ab02cde31b94c852d6e.js]
[www.leqom.com/view/contract.html]
[www.leqom.com/view/asset/user-2-1-14-88ec595c2b53c518242ad700ec102a96.js]
[www.leqom.com/view/asset/system-2-1-14-454bfb860a4a3ab02cde31b94c852d6e.js]
[www.leqom.com/view/policy.html]
[www.leqom.com/index-3.html]
[www.leqom.com/view/asset/user-2-1-6-d877dedf3eae5007d4e53601e18b9a91.js]
[www.leqom.com/view/asset/system-2-1-6-454bfb860a4a3ab02cde31b94c852d6e.js]
[www.leqom.com/view/cart.html]
[makeshop-multi-images.akamaized.net/otv8kaihatsu/shopimages/02/00/3_000000000002ec0a.jpg]
[makeshop-multi-images.akamaized.net/otv8kaihatsu/shopimages/02/00/1_000000000002ec0a.png]
[makeshop-multi-images.akamaized.net/otv8kaihatsu/shopimages/02/00/2_000000000002ec0a.png]
[makeshop-multi-images.akamaized.net/otv8kaihatsu/shopimages/02/00/4_000000000002ec0a.jpg]
[makeshop-multi-images.akamaized.net/otv8kaihatsu/itemimages/0000000000023_Um50Ap6.jpg]
[makeshop-multi-images.akamaized.net/otv8kaihatsu/shopimages/02/00/s3_000000000002ec0a.jpg]
[makeshop-multi-images.akamaized.net/otv8kaihatsu/shopimages/02/00/s1_000000000002ec0a.png]
[makeshop-multi-images.akamaized.net/otv8kaihatsu/shopimages/02/00/s2_000000000002ec0a.png]
[makeshop-multi-images.akamaized.net/otv8kaihatsu/shopimages/02/00/s4_000000000002ec0a.jpg]
[platform.twitter.com/widgets.js]
[d.line-scdn.net/r/web/social-plugin/js/thirdparty/loader.min.js]
[connect.facebook.net/ja_JP/sdk.js]
[cdn.jsdelivr.net/npm/slick-carousel@1.8.1/slick/slick.min.js]
[www.leqom.com/view/asset/user-2-1-3-38a35953994e86b0d3281bd8a61b7f53.js]
[www.leqom.com/view/asset/system-2-1-3-0cfa4aadd00675486b6fbc13588d51e0.js]
[www.leqom.com/view/item/000000000002.html]
[www.leqom.com/view/news/20241218095930.html]
[www.leqom.com/view/news/20241118101625.html]
[www.leqom.com/view/news/20240813132447.html]
[www.leqom.com/view/news/20240813131542.html]
[www.leqom.com/view/news/20240808105722.html]
[www.leqom.com/view/news/20240603174340.html]
[www.leqom.com/view/news/20240527110427.html]
[www.leqom.com/view/news/20230929180542.html]
[www.leqom.com/view/news/20240426163714.html]
[www.leqom.com/view/news/20231227152620.html]
[www.leqom.com/view/news/20230824184820.html]
[www.leqom.com/view/news/20230824180340.html]
[www.leqom.com/view/news/list4658.html]
[www.leqom.com/view/asset/user-2-1-9-e86f0e3a924d402e1a834661d1efbc1b.js]
[www.leqom.com/view/asset/system-2-1-9-454bfb860a4a3ab02cde31b94c852d6e.js]
[www.leqom.com/view/news/list.html]
[www.leqom.com/view/asset/user-2-1-10-6fea6e95d8d7046e47b670469e430a3f.js]
[www.leqom.com/view/asset/system-2-1-10-454bfb860a4a3ab02cde31b94c852d6e.js]
[www.leqom.com/view/news/20250708133839.html]
[gigaplus.makeshop.jp/otv8kaihatsu/assets/img/voice/NewFolder/IMG_9755.jpg]
[gigaplus.makeshop.jp/otv8kaihatsu/assets/img/voice/NewFolder/スキーム①.png]
[gigaplus.makeshop.jp/otv8kaihatsu/assets/img/voice/NewFolder/スキーム②.png]
[www.leqom.com/view/news/20250611162942.html]
[www.leqom.com/view/news/20250425195147.html]
[www.leqom.com/view/item/000000000004.html]
[www.leqom.com/view/item/000000000003.html]
[www.leqom.com/index-2.html]
[www.leqom.com/view/asset/user-2-1-4-3efdf7e4043f57f25c19a573efa0c9a7.css]
[www.leqom.com/view/asset/system-2-1-4-78e567dc05121ea6e0c5107158f4037f.css]
[www.leqom.com/view/item/00000000000295a8.html]
[www.leqom.com/view/item/00000000000495a8.html]
[www.leqom.com/view/asset/user-2-1-17-b2fd7cbe6745251c004ca2999a256b7a.css]
[www.leqom.com/view/asset/system-2-1-17-78e567dc05121ea6e0c5107158f4037f.css]
[use.fontawesome.com/releases/v5.11.0/css/all.css]
[www.leqom.com/view/page/index.html]
[www.leqom.com/view/asset/user-2-1-11-6cc51c8eed44cf47430850564666b5ab.css]
[www.leqom.com/view/asset/system-2-1-11-78e567dc05121ea6e0c5107158f4037f.css]
[www.leqom.com/view/index.html]
[www.leqom.com/view/asset/user-2-1-12-ed7e6f316cc18f5743832420780e03cf.css]
[www.leqom.com/view/asset/system-2-1-12-78e567dc05121ea6e0c5107158f4037f.css]
[www.leqom.com/view/asset/user-2-1-13-f75105fcef2972dfc81a74168080edee.css]
[www.leqom.com/view/asset/system-2-1-13-78e567dc05121ea6e0c5107158f4037f.css]
[www.leqom.com/view/asset/user-2-1-14-485833791aa2492529e1fc268ce1c4eb.css]
[www.leqom.com/view/asset/system-2-1-14-78e567dc05121ea6e0c5107158f4037f.css]
[www.leqom.com/view/asset/user-2-1-6-69e2edf5d57ae0745bc0891371501363.css]
[www.leqom.com/view/asset/system-2-1-6-78e567dc05121ea6e0c5107158f4037f.css]
[www.leqom.com/error/404.html]
[www.leqom.com/index-3.html]
[www.leqom.com/view/asset/user-2-1-3-5277e7d4bc81dc1ef156603b41091478.css]
[www.leqom.com/view/asset/system-2-1-3-78e567dc05121ea6e0c5107158f4037f.css]
[connect.facebook.net/ja_JP/sdk.js]
[www.leqom.com/view/asset/user-2-1-9-eff706956578b9032e46964366cf3385.css]
[www.leqom.com/view/asset/system-2-1-9-78e567dc05121ea6e0c5107158f4037f.css]
[www.leqom.com/view/news/index.html]
[www.leqom.com/view/news/20241218095930.html]
[gigaplus.makeshop.jp/otv8kaihatsu/assets/img/voice/関西イベントちらし広告用1211-01.png]
[www.leqom.com/view/news/20241118101625.html]
[gigaplus.makeshop.jp/otv8kaihatsu/assets/img/news/スポルテック20242.png]
[gigaplus.makeshop.jp/otv8kaihatsu/assets/img/news/スポルテック2024.png]
[www.leqom.com/view/news/20240813132447.html]
[gigaplus.makeshop.jp/otv8kaihatsu/assets/img/news/スクリーンショット 2024-07-31 105131.png]
[www.leqom.com/view/news/20240813131542.html]
[gigaplus.makeshop.jp/otv8kaihatsu/assets/img/news/三浦選手.jpg]
[www.leqom.com/view/news/20240808105722.html]
[gigaplus.makeshop.jp/otv8kaihatsu/assets/img/news/スポルテックA4ちらし(印刷用)-01.png]
[gigaplus.makeshop.jp/otv8kaihatsu/assets/img/news/家光先生HP用.png]
[gigaplus.makeshop.jp/otv8kaihatsu/assets/img/news/HP用.jpg]
[www.leqom.com/view/news/20240603174340.html]
[gigaplus.makeshop.jp/otv8kaihatsu/assets/img/news/チラシA4入稿用-01.png]
[gigaplus.makeshop.jp/otv8kaihatsu/assets/img/news/大久保さん.jpg]
[gigaplus.makeshop.jp/otv8kaihatsu/assets/img/news/坂田さん.jpg]
[gigaplus.makeshop.jp/otv8kaihatsu/assets/img/news/井上さん.jpg]
[www.leqom.com/view/news/20240527110427.html]
[www.leqom.com/view/news/20230929180542.html]
[www.leqom.com/view/news/20240426163714.html]
[www.leqom.com/view/news/20231227152620.html]
[gigaplus.makeshop.jp/otv8kaihatsu/assets/img/news/wfa-award_logo-origin-2023_720.png]
[gigaplus.makeshop.jp/otv8kaihatsu/assets/img/news/img_0125.jpg]
[gigaplus.makeshop.jp/otv8kaihatsu/assets/img/news/新聞記事ウェルネスフードアワード受賞_社内HP掲載用.jpg]
[www.leqom.com/view/news/20230824184820.html]
[gigaplus.makeshop.jp/otv8kaihatsu/assets/img/news/img_0099.jpg]
[gigaplus.makeshop.jp/otv8kaihatsu/assets/img/news/img_0094.jpg]
[gigaplus.makeshop.jp/otv8kaihatsu/assets/img/news/img_0086.jpg]
[www.leqom.com/view/news/20230824180340.html]
[www.leqom.com/view/news/20230413212529.html]
[www.leqom.com/view/news/list2679.html]
[www.leqom.com/view/news/list4658.html]
[www.leqom.com/view/asset/user-2-1-10-10e5a6e8137033605215373b08fc8df1.css]
[www.leqom.com/view/asset/system-2-1-10-78e567dc05121ea6e0c5107158f4037f.css]
[gigaplus.makeshop.jp/otv8kaihatsu/assets/img/news/leafret_recruitingmonitors.jpg]
[www.leqom.com/view/news/20230413212529.html]
[www.leqom.com/view/news/list2679.html]
